

================================================================
== Vivado HLS Report for 'clearpad_for_500'
================================================================
* Date:           Tue Jun 16 15:58:53 2020

* Version:        2019.2 (Build 2704478 on Wed Nov 06 22:10:23 MST 2019)
* Project:        final
* Solution:       solution1
* Product family: zynquplus
* Target device:  xczu3eg-sbva484-1-e


================================================================
== Performance Estimates
================================================================
+ Timing: 
    * Summary: 
    +--------+----------+----------+------------+
    |  Clock |  Target  | Estimated| Uncertainty|
    +--------+----------+----------+------------+
    |ap_clk  | 10.00 ns | 1.352 ns |   1.25 ns  |
    +--------+----------+----------+------------+

+ Latency: 
    * Summary: 
    +---------+---------+-----------+-----------+------+------+---------+
    |  Latency (cycles) |   Latency (absolute)  |   Interval  | Pipeline|
    |   min   |   max   |    min    |    max    |  min |  max |   Type  |
    +---------+---------+-----------+-----------+------+------+---------+
    |     1057|     1057| 10.570 us | 10.570 us |  1057|  1057|   none  |
    +---------+---------+-----------+-----------+------+------+---------+

    + Detail: 
        * Instance: 
        N/A

        * Loop: 
        +----------+---------+---------+----------+-----------+-----------+------+----------+
        |          |  Latency (cycles) | Iteration|  Initiation Interval  | Trip |          |
        | Loop Name|   min   |   max   |  Latency |  achieved |   target  | Count| Pipelined|
        +----------+---------+---------+----------+-----------+-----------+------+----------+
        |- Loop 1  |     1056|     1056|        66|          -|          -|    16|    no    |
        +----------+---------+---------+----------+-----------+-----------+------+----------+



================================================================
== Utilization Estimates
================================================================
* Summary: 
+-----------------+---------+-------+--------+-------+-----+
|       Name      | BRAM_18K| DSP48E|   FF   |  LUT  | URAM|
+-----------------+---------+-------+--------+-------+-----+
|DSP              |        -|      -|       -|      -|    -|
|Expression       |        -|      -|       0|     26|    -|
|FIFO             |        -|      -|       -|      -|    -|
|Instance         |        -|      -|       -|      -|    -|
|Memory           |        -|      -|       -|      -|    -|
|Multiplexer      |        -|      -|       -|   9882|    -|
|Register         |        -|      -|      81|      -|    -|
+-----------------+---------+-------+--------+-------+-----+
|Total            |        0|      0|      81|   9908|    0|
+-----------------+---------+-------+--------+-------+-----+
|Available        |      432|    360|  141120|  70560|    0|
+-----------------+---------+-------+--------+-------+-----+
|Utilization (%)  |        0|      0|   ~0   |     14|    0|
+-----------------+---------+-------+--------+-------+-----+

+ Detail: 
    * Instance: 
    N/A

    * DSP48E: 
    N/A

    * Memory: 
    N/A

    * FIFO: 
    N/A

    * Expression: 
    +------------------------+----------+-------+---+----+------------+------------+
    |      Variable Name     | Operation| DSP48E| FF| LUT| Bitwidth P0| Bitwidth P1|
    +------------------------+----------+-------+---+----+------------+------------+
    |c_fu_17295_p2           |     +    |      0|  0|  15|           5|           1|
    |icmp_ln151_fu_17289_p2  |   icmp   |      0|  0|  11|           5|           6|
    +------------------------+----------+-------+---+----+------------+------------+
    |Total                   |          |      0|  0|  26|          10|           7|
    +------------------------+----------+-------+---+----+------------+------------+

    * Multiplexer: 
    +----------------------+-----+-----------+-----+-----------+
    |         Name         | LUT | Input Size| Bits| Total Bits|
    +----------------------+-----+-----------+-----+-----------+
    |ap_NS_fsm             |  305|         68|    1|         68|
    |c_0_reg_17278         |    9|          2|    5|         10|
    |in_buf_0_V_address0   |  301|         67|   13|        871|
    |in_buf_0_V_address1   |  297|         66|   13|        858|
    |in_buf_10_V_address0  |  301|         67|   13|        871|
    |in_buf_10_V_address1  |  297|         66|   13|        858|
    |in_buf_11_V_address0  |  301|         67|   13|        871|
    |in_buf_11_V_address1  |  297|         66|   13|        858|
    |in_buf_12_V_address0  |  301|         67|   13|        871|
    |in_buf_12_V_address1  |  297|         66|   13|        858|
    |in_buf_13_V_address0  |  301|         67|   13|        871|
    |in_buf_13_V_address1  |  297|         66|   13|        858|
    |in_buf_14_V_address0  |  301|         67|   13|        871|
    |in_buf_14_V_address1  |  297|         66|   13|        858|
    |in_buf_15_V_address0  |  301|         67|   13|        871|
    |in_buf_15_V_address1  |  297|         66|   13|        858|
    |in_buf_1_V_address0   |  301|         67|   13|        871|
    |in_buf_1_V_address1   |  297|         66|   13|        858|
    |in_buf_2_V_address0   |  301|         67|   13|        871|
    |in_buf_2_V_address1   |  297|         66|   13|        858|
    |in_buf_3_V_address0   |  301|         67|   13|        871|
    |in_buf_3_V_address1   |  297|         66|   13|        858|
    |in_buf_4_V_address0   |  301|         67|   13|        871|
    |in_buf_4_V_address1   |  297|         66|   13|        858|
    |in_buf_5_V_address0   |  301|         67|   13|        871|
    |in_buf_5_V_address1   |  297|         66|   13|        858|
    |in_buf_6_V_address0   |  301|         67|   13|        871|
    |in_buf_6_V_address1   |  297|         66|   13|        858|
    |in_buf_7_V_address0   |  301|         67|   13|        871|
    |in_buf_7_V_address1   |  297|         66|   13|        858|
    |in_buf_8_V_address0   |  301|         67|   13|        871|
    |in_buf_8_V_address1   |  297|         66|   13|        858|
    |in_buf_9_V_address0   |  301|         67|   13|        871|
    |in_buf_9_V_address1   |  297|         66|   13|        858|
    +----------------------+-----+-----------+-----+-----------+
    |Total                 | 9882|       2198|  422|      27742|
    +----------------------+-----+-----------+-----+-----------+

    * Register: 
    +-----------------------+----+----+-----+-----------+
    |          Name         | FF | LUT| Bits| Const Bits|
    +-----------------------+----+----+-----+-----------+
    |ap_CS_fsm              |  67|   0|   67|          0|
    |c_0_reg_17278          |   5|   0|    5|          0|
    |c_reg_27788            |   5|   0|    5|          0|
    |trunc_ln203_reg_27793  |   4|   0|    4|          0|
    +-----------------------+----+----+-----+-----------+
    |Total                  |  81|   0|   81|          0|
    +-----------------------+----+----+-----+-----------+



================================================================
== Interface
================================================================
* Summary: 
+----------------------+-----+-----+------------+------------------+--------------+
|       RTL Ports      | Dir | Bits|  Protocol  |   Source Object  |    C Type    |
+----------------------+-----+-----+------------+------------------+--------------+
|ap_clk                |  in |    1| ap_ctrl_hs | clearpad_for_500 | return value |
|ap_rst                |  in |    1| ap_ctrl_hs | clearpad_for_500 | return value |
|ap_start              |  in |    1| ap_ctrl_hs | clearpad_for_500 | return value |
|ap_done               | out |    1| ap_ctrl_hs | clearpad_for_500 | return value |
|ap_idle               | out |    1| ap_ctrl_hs | clearpad_for_500 | return value |
|ap_ready              | out |    1| ap_ctrl_hs | clearpad_for_500 | return value |
|in_buf_0_V_address0   | out |   13|  ap_memory |    in_buf_0_V    |     array    |
|in_buf_0_V_ce0        | out |    1|  ap_memory |    in_buf_0_V    |     array    |
|in_buf_0_V_we0        | out |    1|  ap_memory |    in_buf_0_V    |     array    |
|in_buf_0_V_d0         | out |   13|  ap_memory |    in_buf_0_V    |     array    |
|in_buf_0_V_address1   | out |   13|  ap_memory |    in_buf_0_V    |     array    |
|in_buf_0_V_ce1        | out |    1|  ap_memory |    in_buf_0_V    |     array    |
|in_buf_0_V_we1        | out |    1|  ap_memory |    in_buf_0_V    |     array    |
|in_buf_0_V_d1         | out |   13|  ap_memory |    in_buf_0_V    |     array    |
|in_buf_1_V_address0   | out |   13|  ap_memory |    in_buf_1_V    |     array    |
|in_buf_1_V_ce0        | out |    1|  ap_memory |    in_buf_1_V    |     array    |
|in_buf_1_V_we0        | out |    1|  ap_memory |    in_buf_1_V    |     array    |
|in_buf_1_V_d0         | out |   13|  ap_memory |    in_buf_1_V    |     array    |
|in_buf_1_V_address1   | out |   13|  ap_memory |    in_buf_1_V    |     array    |
|in_buf_1_V_ce1        | out |    1|  ap_memory |    in_buf_1_V    |     array    |
|in_buf_1_V_we1        | out |    1|  ap_memory |    in_buf_1_V    |     array    |
|in_buf_1_V_d1         | out |   13|  ap_memory |    in_buf_1_V    |     array    |
|in_buf_2_V_address0   | out |   13|  ap_memory |    in_buf_2_V    |     array    |
|in_buf_2_V_ce0        | out |    1|  ap_memory |    in_buf_2_V    |     array    |
|in_buf_2_V_we0        | out |    1|  ap_memory |    in_buf_2_V    |     array    |
|in_buf_2_V_d0         | out |   13|  ap_memory |    in_buf_2_V    |     array    |
|in_buf_2_V_address1   | out |   13|  ap_memory |    in_buf_2_V    |     array    |
|in_buf_2_V_ce1        | out |    1|  ap_memory |    in_buf_2_V    |     array    |
|in_buf_2_V_we1        | out |    1|  ap_memory |    in_buf_2_V    |     array    |
|in_buf_2_V_d1         | out |   13|  ap_memory |    in_buf_2_V    |     array    |
|in_buf_3_V_address0   | out |   13|  ap_memory |    in_buf_3_V    |     array    |
|in_buf_3_V_ce0        | out |    1|  ap_memory |    in_buf_3_V    |     array    |
|in_buf_3_V_we0        | out |    1|  ap_memory |    in_buf_3_V    |     array    |
|in_buf_3_V_d0         | out |   13|  ap_memory |    in_buf_3_V    |     array    |
|in_buf_3_V_address1   | out |   13|  ap_memory |    in_buf_3_V    |     array    |
|in_buf_3_V_ce1        | out |    1|  ap_memory |    in_buf_3_V    |     array    |
|in_buf_3_V_we1        | out |    1|  ap_memory |    in_buf_3_V    |     array    |
|in_buf_3_V_d1         | out |   13|  ap_memory |    in_buf_3_V    |     array    |
|in_buf_4_V_address0   | out |   13|  ap_memory |    in_buf_4_V    |     array    |
|in_buf_4_V_ce0        | out |    1|  ap_memory |    in_buf_4_V    |     array    |
|in_buf_4_V_we0        | out |    1|  ap_memory |    in_buf_4_V    |     array    |
|in_buf_4_V_d0         | out |   13|  ap_memory |    in_buf_4_V    |     array    |
|in_buf_4_V_address1   | out |   13|  ap_memory |    in_buf_4_V    |     array    |
|in_buf_4_V_ce1        | out |    1|  ap_memory |    in_buf_4_V    |     array    |
|in_buf_4_V_we1        | out |    1|  ap_memory |    in_buf_4_V    |     array    |
|in_buf_4_V_d1         | out |   13|  ap_memory |    in_buf_4_V    |     array    |
|in_buf_5_V_address0   | out |   13|  ap_memory |    in_buf_5_V    |     array    |
|in_buf_5_V_ce0        | out |    1|  ap_memory |    in_buf_5_V    |     array    |
|in_buf_5_V_we0        | out |    1|  ap_memory |    in_buf_5_V    |     array    |
|in_buf_5_V_d0         | out |   13|  ap_memory |    in_buf_5_V    |     array    |
|in_buf_5_V_address1   | out |   13|  ap_memory |    in_buf_5_V    |     array    |
|in_buf_5_V_ce1        | out |    1|  ap_memory |    in_buf_5_V    |     array    |
|in_buf_5_V_we1        | out |    1|  ap_memory |    in_buf_5_V    |     array    |
|in_buf_5_V_d1         | out |   13|  ap_memory |    in_buf_5_V    |     array    |
|in_buf_6_V_address0   | out |   13|  ap_memory |    in_buf_6_V    |     array    |
|in_buf_6_V_ce0        | out |    1|  ap_memory |    in_buf_6_V    |     array    |
|in_buf_6_V_we0        | out |    1|  ap_memory |    in_buf_6_V    |     array    |
|in_buf_6_V_d0         | out |   13|  ap_memory |    in_buf_6_V    |     array    |
|in_buf_6_V_address1   | out |   13|  ap_memory |    in_buf_6_V    |     array    |
|in_buf_6_V_ce1        | out |    1|  ap_memory |    in_buf_6_V    |     array    |
|in_buf_6_V_we1        | out |    1|  ap_memory |    in_buf_6_V    |     array    |
|in_buf_6_V_d1         | out |   13|  ap_memory |    in_buf_6_V    |     array    |
|in_buf_7_V_address0   | out |   13|  ap_memory |    in_buf_7_V    |     array    |
|in_buf_7_V_ce0        | out |    1|  ap_memory |    in_buf_7_V    |     array    |
|in_buf_7_V_we0        | out |    1|  ap_memory |    in_buf_7_V    |     array    |
|in_buf_7_V_d0         | out |   13|  ap_memory |    in_buf_7_V    |     array    |
|in_buf_7_V_address1   | out |   13|  ap_memory |    in_buf_7_V    |     array    |
|in_buf_7_V_ce1        | out |    1|  ap_memory |    in_buf_7_V    |     array    |
|in_buf_7_V_we1        | out |    1|  ap_memory |    in_buf_7_V    |     array    |
|in_buf_7_V_d1         | out |   13|  ap_memory |    in_buf_7_V    |     array    |
|in_buf_8_V_address0   | out |   13|  ap_memory |    in_buf_8_V    |     array    |
|in_buf_8_V_ce0        | out |    1|  ap_memory |    in_buf_8_V    |     array    |
|in_buf_8_V_we0        | out |    1|  ap_memory |    in_buf_8_V    |     array    |
|in_buf_8_V_d0         | out |   13|  ap_memory |    in_buf_8_V    |     array    |
|in_buf_8_V_address1   | out |   13|  ap_memory |    in_buf_8_V    |     array    |
|in_buf_8_V_ce1        | out |    1|  ap_memory |    in_buf_8_V    |     array    |
|in_buf_8_V_we1        | out |    1|  ap_memory |    in_buf_8_V    |     array    |
|in_buf_8_V_d1         | out |   13|  ap_memory |    in_buf_8_V    |     array    |
|in_buf_9_V_address0   | out |   13|  ap_memory |    in_buf_9_V    |     array    |
|in_buf_9_V_ce0        | out |    1|  ap_memory |    in_buf_9_V    |     array    |
|in_buf_9_V_we0        | out |    1|  ap_memory |    in_buf_9_V    |     array    |
|in_buf_9_V_d0         | out |   13|  ap_memory |    in_buf_9_V    |     array    |
|in_buf_9_V_address1   | out |   13|  ap_memory |    in_buf_9_V    |     array    |
|in_buf_9_V_ce1        | out |    1|  ap_memory |    in_buf_9_V    |     array    |
|in_buf_9_V_we1        | out |    1|  ap_memory |    in_buf_9_V    |     array    |
|in_buf_9_V_d1         | out |   13|  ap_memory |    in_buf_9_V    |     array    |
|in_buf_10_V_address0  | out |   13|  ap_memory |    in_buf_10_V   |     array    |
|in_buf_10_V_ce0       | out |    1|  ap_memory |    in_buf_10_V   |     array    |
|in_buf_10_V_we0       | out |    1|  ap_memory |    in_buf_10_V   |     array    |
|in_buf_10_V_d0        | out |   13|  ap_memory |    in_buf_10_V   |     array    |
|in_buf_10_V_address1  | out |   13|  ap_memory |    in_buf_10_V   |     array    |
|in_buf_10_V_ce1       | out |    1|  ap_memory |    in_buf_10_V   |     array    |
|in_buf_10_V_we1       | out |    1|  ap_memory |    in_buf_10_V   |     array    |
|in_buf_10_V_d1        | out |   13|  ap_memory |    in_buf_10_V   |     array    |
|in_buf_11_V_address0  | out |   13|  ap_memory |    in_buf_11_V   |     array    |
|in_buf_11_V_ce0       | out |    1|  ap_memory |    in_buf_11_V   |     array    |
|in_buf_11_V_we0       | out |    1|  ap_memory |    in_buf_11_V   |     array    |
|in_buf_11_V_d0        | out |   13|  ap_memory |    in_buf_11_V   |     array    |
|in_buf_11_V_address1  | out |   13|  ap_memory |    in_buf_11_V   |     array    |
|in_buf_11_V_ce1       | out |    1|  ap_memory |    in_buf_11_V   |     array    |
|in_buf_11_V_we1       | out |    1|  ap_memory |    in_buf_11_V   |     array    |
|in_buf_11_V_d1        | out |   13|  ap_memory |    in_buf_11_V   |     array    |
|in_buf_12_V_address0  | out |   13|  ap_memory |    in_buf_12_V   |     array    |
|in_buf_12_V_ce0       | out |    1|  ap_memory |    in_buf_12_V   |     array    |
|in_buf_12_V_we0       | out |    1|  ap_memory |    in_buf_12_V   |     array    |
|in_buf_12_V_d0        | out |   13|  ap_memory |    in_buf_12_V   |     array    |
|in_buf_12_V_address1  | out |   13|  ap_memory |    in_buf_12_V   |     array    |
|in_buf_12_V_ce1       | out |    1|  ap_memory |    in_buf_12_V   |     array    |
|in_buf_12_V_we1       | out |    1|  ap_memory |    in_buf_12_V   |     array    |
|in_buf_12_V_d1        | out |   13|  ap_memory |    in_buf_12_V   |     array    |
|in_buf_13_V_address0  | out |   13|  ap_memory |    in_buf_13_V   |     array    |
|in_buf_13_V_ce0       | out |    1|  ap_memory |    in_buf_13_V   |     array    |
|in_buf_13_V_we0       | out |    1|  ap_memory |    in_buf_13_V   |     array    |
|in_buf_13_V_d0        | out |   13|  ap_memory |    in_buf_13_V   |     array    |
|in_buf_13_V_address1  | out |   13|  ap_memory |    in_buf_13_V   |     array    |
|in_buf_13_V_ce1       | out |    1|  ap_memory |    in_buf_13_V   |     array    |
|in_buf_13_V_we1       | out |    1|  ap_memory |    in_buf_13_V   |     array    |
|in_buf_13_V_d1        | out |   13|  ap_memory |    in_buf_13_V   |     array    |
|in_buf_14_V_address0  | out |   13|  ap_memory |    in_buf_14_V   |     array    |
|in_buf_14_V_ce0       | out |    1|  ap_memory |    in_buf_14_V   |     array    |
|in_buf_14_V_we0       | out |    1|  ap_memory |    in_buf_14_V   |     array    |
|in_buf_14_V_d0        | out |   13|  ap_memory |    in_buf_14_V   |     array    |
|in_buf_14_V_address1  | out |   13|  ap_memory |    in_buf_14_V   |     array    |
|in_buf_14_V_ce1       | out |    1|  ap_memory |    in_buf_14_V   |     array    |
|in_buf_14_V_we1       | out |    1|  ap_memory |    in_buf_14_V   |     array    |
|in_buf_14_V_d1        | out |   13|  ap_memory |    in_buf_14_V   |     array    |
|in_buf_15_V_address0  | out |   13|  ap_memory |    in_buf_15_V   |     array    |
|in_buf_15_V_ce0       | out |    1|  ap_memory |    in_buf_15_V   |     array    |
|in_buf_15_V_we0       | out |    1|  ap_memory |    in_buf_15_V   |     array    |
|in_buf_15_V_d0        | out |   13|  ap_memory |    in_buf_15_V   |     array    |
|in_buf_15_V_address1  | out |   13|  ap_memory |    in_buf_15_V   |     array    |
|in_buf_15_V_ce1       | out |    1|  ap_memory |    in_buf_15_V   |     array    |
|in_buf_15_V_we1       | out |    1|  ap_memory |    in_buf_15_V   |     array    |
|in_buf_15_V_d1        | out |   13|  ap_memory |    in_buf_15_V   |     array    |
+----------------------+-----+-----+------------+------------------+--------------+

