

================================================================
== Vivado HLS Report for 'relu_single'
================================================================
* Date:           Tue Jun 16 15:34:23 2020

* Version:        2019.2 (Build 2704478 on Wed Nov 06 22:10:23 MST 2019)
* Project:        final
* Solution:       solution1
* Product family: zynquplus
* Target device:  xczu3eg-sbva484-1-e


================================================================
== Performance Estimates
================================================================
+ Timing: 
    * Summary: 
    +--------+----------+----------+------------+
    |  Clock |  Target  | Estimated| Uncertainty|
    +--------+----------+----------+------------+
    |ap_clk  | 10.00 ns | 1.683 ns |   1.25 ns  |
    +--------+----------+----------+------------+

+ Latency: 
    * Summary: 
    +---------+---------+----------+----------+-----+-----+----------+
    |  Latency (cycles) |  Latency (absolute) |  Interval | Pipeline |
    |   min   |   max   |    min   |    max   | min | max |   Type   |
    +---------+---------+----------+----------+-----+-----+----------+
    |        0|        0|   0 ns   |   0 ns   |    1|    1| function |
    +---------+---------+----------+----------+-----+-----+----------+

    + Detail: 
        * Instance: 
        N/A

        * Loop: 
        N/A



================================================================
== Utilization Estimates
================================================================
* Summary: 
+-----------------+---------+-------+--------+-------+-----+
|       Name      | BRAM_18K| DSP48E|   FF   |  LUT  | URAM|
+-----------------+---------+-------+--------+-------+-----+
|DSP              |        -|      -|       -|      -|    -|
|Expression       |        -|      -|       0|     72|    -|
|FIFO             |        -|      -|       -|      -|    -|
|Instance         |        -|      -|       -|      -|    -|
|Memory           |        -|      -|       -|      -|    -|
|Multiplexer      |        -|      -|       -|      -|    -|
|Register         |        -|      -|       -|      -|    -|
+-----------------+---------+-------+--------+-------+-----+
|Total            |        0|      0|       0|     72|    0|
+-----------------+---------+-------+--------+-------+-----+
|Available        |      432|    360|  141120|  70560|    0|
+-----------------+---------+-------+--------+-------+-----+
|Utilization (%)  |        0|      0|       0|   ~0  |    0|
+-----------------+---------+-------+--------+-------+-----+

+ Detail: 
    * Instance: 
    N/A

    * DSP48E: 
    N/A

    * Memory: 
    N/A

    * FIFO: 
    N/A

    * Expression: 
    +-----------------------+----------+-------+---+----+------------+------------+
    |     Variable Name     | Operation| DSP48E| FF| LUT| Bitwidth P0| Bitwidth P1|
    +-----------------------+----------+-------+---+----+------------+------------+
    |and_ln1494_fu_60_p2    |    and   |      0|  0|   2|           1|           1|
    |and_ln1495_1_fu_78_p2  |    and   |      0|  0|   2|           1|           1|
    |and_ln1495_fu_72_p2    |    and   |      0|  0|   2|           1|           1|
    |and_ln90_1_fu_96_p2    |    and   |      0|  0|   2|           1|           1|
    |and_ln90_fu_90_p2      |    and   |      0|  0|   2|           1|           1|
    |icmp_ln1494_fu_40_p2   |   icmp   |      0|  0|  13|          13|          11|
    |icmp_ln83_fu_34_p2     |   icmp   |      0|  0|   8|           2|           1|
    |icmp_ln89_fu_46_p2     |   icmp   |      0|  0|   9|           2|           3|
    |or_ln90_1_fu_116_p2    |    or    |      0|  0|   2|           1|           1|
    |or_ln90_fu_102_p2      |    or    |      0|  0|   2|           1|           1|
    |ap_return              |  select  |      0|  0|  13|           1|          13|
    |select_ln90_fu_108_p3  |  select  |      0|  0|  11|           1|           1|
    |xor_ln1494_fu_66_p2    |    xor   |      0|  0|   2|           1|           2|
    |xor_ln83_fu_84_p2      |    xor   |      0|  0|   2|           1|           2|
    +-----------------------+----------+-------+---+----+------------+------------+
    |Total                  |          |      0|  0|  72|          28|          40|
    +-----------------------+----------+-------+---+----+------------+------------+

    * Multiplexer: 
    N/A

    * Register: 
    N/A



================================================================
== Interface
================================================================
* Summary: 
+-----------+-----+-----+------------+--------------+--------------+
| RTL Ports | Dir | Bits|  Protocol  | Source Object|    C Type    |
+-----------+-----+-----+------------+--------------+--------------+
|ap_ready   | out |    1| ap_ctrl_hs |  relu_single | return value |
|ap_return  | out |   13| ap_ctrl_hs |  relu_single | return value |
|d_V        |  in |   13|   ap_none  |      d_V     |    scalar    |
|relu       |  in |    2|   ap_none  |     relu     |    scalar    |
+-----------+-----+-----+------------+--------------+--------------+

